#!/bin/bash
# devx usb builder provisioning — GENERATED. Idempotent; run via limactl shell.
set -euxo pipefail
export DEBIAN_FRONTEND=noninteractive
# apt-get update can race first-boot networking; retry briefly.
for i in 1 2 3 4 5; do apt-get update -qq && break; sleep 5; done
apt-get install -y -qq wget util-linux ca-certificates podman

# Butane (Ignition compiler) — not in apt, but ships a static Linux binary.
if ! command -v butane >/dev/null 2>&1; then
  wget -qO /usr/local/bin/butane https://github.com/coreos/butane/releases/download/v0.23.0/butane-$(uname -m)-unknown-linux-gnu
  chmod 0755 /usr/local/bin/butane
fi
echo "devx: builder provisioned"
